Microchip MPLAB XC8 Compiler V1.45 ()

Linker command line:

-W-3 --edf=C:\Program Files (x86)\Microchip\xc8\v1.45\dat\en_msgs.txt -cs \
  -h+dist/default/production\DisplayDome16F1619.X.production.sym \
  --cmf=dist/default/production\DisplayDome16F1619.X.production.cmf -z \
  -Q16F1619 -oC:\Users\Zgeny\AppData\Local\Temp\s7sc.2 \
  -Mdist/default/production/DisplayDome16F1619.X.production.map -E1 \
  -ver=XC8 -ASTACK=020C1h-023efh -pstack=STACK \
  -ACODE=00h-07FFhx3,01800h-01F7Fh -ASTRCODE=00h-01F7Fh \
  -ASTRING=00h-0FFhx31,01F00h-01F7Fh -ACONST=00h-0FFhx31,01F00h-01F7Fh \
  -AENTRY=00h-0FFhx31,01F00h-01F7Fh -ACOMMON=070h-07Fh -ABANK0=020h-06Fh \
  -ABANK1=0A0h-0EFh -ABANK2=0120h-016Fh -ABANK3=01A0h-01EFh \
  -ABANK4=0220h-026Fh -ABANK5=02A0h-02EFh -ABANK6=0320h-036Fh \
  -ABANK7=03A0h-03EFh -ABANK8=0420h-046Fh -ABANK9=04A0h-04EFh \
  -ABANK10=0520h-056Fh -ABANK11=05A0h-05EFh -ABANK12=0620h-064Fh \
  -ABIGRAM=02000h-023EFh \
  -ARAM=020h-06Fh,0A0h-0EFh,0120h-016Fh,01A0h-01EFh,0220h-026Fh,02A0h-02EFh,0320h-036Fh,03A0h-03EFh,0420h-046Fh,04A0h-04EFh,0520h-056Fh,05A0h-05EFh,0620h-064Fh \
  -AABS1=020h-07Fh,0A0h-0EFh,0120h-016Fh,01A0h-01EFh,0220h-026Fh,02A0h-02EFh,0320h-036Fh,03A0h-03EFh,0420h-046Fh,04A0h-04EFh,0520h-056Fh,05A0h-05EFh,0620h-064Fh \
  -ASFR0=00h-01Fh -ASFR1=080h-09Fh -ASFR2=0100h-011Fh -ASFR3=0180h-019Fh \
  -ASFR4=0200h-021Fh -ASFR5=0280h-029Fh -ASFR6=0300h-031Fh \
  -ASFR7=0380h-039Fh -ASFR8=0400h-041Fh -ASFR9=0480h-049Fh \
  -ASFR10=0500h-051Fh -ASFR11=0580h-059Fh -ASFR12=0600h-061Fh \
  -ASFR13=0680h-06EFh -ASFR14=0700h-076Fh -ASFR15=0780h-07EFh \
  -ASFR16=0800h-086Fh -ASFR17=0880h-08EFh -ASFR18=0900h-096Fh \
  -ASFR19=0980h-09EFh -ASFR20=0A00h-0A6Fh -ASFR21=0A80h-0AEFh \
  -ASFR22=0B00h-0B6Fh -ASFR23=0B80h-0BEFh -ASFR24=0C00h-0C6Fh \
  -ASFR25=0C80h-0CEFh -ASFR26=0D00h-0D6Fh -ASFR27=0D80h-0DEFh \
  -ASFR28=0E00h-0E6Fh -ASFR29=0E80h-0EEFh -ASFR30=0F00h-0F6Fh \
  -ASFR31=0F80h-0FEFh -preset_vec=00h,intentry=04h,init,end_init \
  -ppowerup=CODE -pcinit=CODE -pfunctab=ENTRY -ACONFIG=08007h-08009h \
  -pconfig=CONFIG -DCONFIG=2 -AIDLOC=08000h-08003h -pidloc=IDLOC -DIDLOC=2 \
  -DCODE=2 -DSTRCODE=2 -DSTRING=2 -DCONST=2 -DENTRY=2 -k \
  C:\Users\Zgeny\AppData\Local\Temp\s7sc.obj \
  dist/default/production\DisplayDome16F1619.X.production.obj 

Object code version is 3.11

Machine type is 16F1619



                Name                               Link     Load   Length Selector   Space Scale
C:\Users\Zgeny\AppData\Local\Temp\s7sc.obj
                end_init                             37       37        2        8       0
                reset_vec                             0        0        3        0       0
                config                             8007     8007        3    1000E       0
dist/default/production\DisplayDome16F1619.X.production.obj
                cinit                                39       39       30        8       0
                intentry                              4        4       33        8       0
                text46                              BB1      BB1        1     1762       0
                text45                              DB1      DB1       27     1B62       0
                text44                              7FC      7FC        4        8       0
                text43                              BB2      BB2        1     1764       0
                text42                              BB3      BB3        1     1766       0
                text41                              CCF      CCF       1C     199E       0
                text40                              BD9      BD9        7     17B2       0
                text39                              BB4      BB4        1     1768       0
                text38                              BF7      BF7        B     17EE       0
                text37                              C33      C33        F     1866       0
                text36                              C0D      C0D        C     181A       0
                text35                                3        3        1        0       0
                text34                              67B      67B       CC        8       0
                text33                              C25      C25        E     184A       0
                text32                              C42      C42        F     1884       0
                text31                              C19      C19        C     1832       0
                text29                              BEE      BEE        9     17DC       0
                text28                              C87      C87       17     190E       0
                text27                              DD8      DD8       27     1BB0       0
                text26                              F2F      F2F       58     1E5E       0
                text25                              EDC      EDC       53     1DB8       0
                text24                              E99      E99       43     1D32       0
                text23                              E2C      E2C       35     1C58       0
                text22                              DFF      DFF       2D     1BFE       0
                text21                              306      306      223        8       0
                text20                              C51      C51        F     18A2       0
                text19                              E61      E61       38     1CC2       0
                text18                              BE0      BE0        7     17C0       0
                text17                              CEB      CEB       1C     19D6       0
                text16                               69       69      29D        8       0
                text15                              747      747       B5        8       0
                text14                              F87      F87       79     1F0E       0
                text13                              D45      D45       22     1A8A       0
                text12                              BB5      BB5        6     176A       0
                text11                              C02      C02        B     1804       0
                text10                              BE7      BE7        7     17CE       0
                text9                               D67      D67       24     1ACE       0
                text8                               BBB      BBB        6     1776       0
                text7                               C72      C72       15     18E4       0
                text6                               BC1      BC1        6     1782       0
                text5                               C9E      C9E       17     193C       0
                text4                               BC7      BC7        6     178E       0
                text3                               CB5      CB5       1A     196A       0
                text2                               C60      C60       12     18C0       0
                text1                               D07      D07       1D     1A0E       0
                maintext                            529      529      152        8       0
                cstackBANK0                          20       20       22       20       1
                cstackCOMMON                         70       70        6       70       1
                clrtext                             BCD      BCD        6     179A       0
                inittext                            BD3      BD3        6     17A6       0
                dataBANK2                           120      120       21      120       1
                dataBANK1                            A0       A0       26       A0       1
                bssBANK1                             C6       C6       20       A0       1
                bssBANK0                             42       42       1C       20       1
                bssCOMMON                            76       76        5       70       1
                stringtext2                        1007     1007        7     2000       0
                stringtext1                        1000     1000        7     2000       0
                nvBANK1                              E6       E6        2       A0       1
                nvBANK0                              5E       5E        B       20       1
                idataBANK2                          D24      D24       21     1A48       0
                idataBANK1                          D8B      D8B       26     1B16       0

TOTAL           Name                               Link     Load   Length     Space
        CLASS   STACK          

        CLASS   CODE           
                end_init                             37       37        2         0
                cinit                                39       39       30         0
                intentry                              4        4       33         0
                reset_vec                             0        0        3         0
                text46                              BB1      BB1        1         0
                text45                              DB1      DB1       27         0
                text44                              7FC      7FC        4         0
                text43                              BB2      BB2        1         0
                text42                              BB3      BB3        1         0
                text41                              CCF      CCF       1C         0
                text40                              BD9      BD9        7         0
                text39                              BB4      BB4        1         0
                text38                              BF7      BF7        B         0
                text37                              C33      C33        F         0
                text36                              C0D      C0D        C         0
                text35                                3        3        1         0
                text34                              67B      67B       CC         0
                text33                              C25      C25        E         0
                text32                              C42      C42        F         0
                text31                              C19      C19        C         0
                text29                              BEE      BEE        9         0
                text28                              C87      C87       17         0
                text27                              DD8      DD8       27         0
                text26                              F2F      F2F       58         0
                text25                              EDC      EDC       53         0
                text24                              E99      E99       43         0
                text23                              E2C      E2C       35         0
                text22                              DFF      DFF       2D         0
                text21                              306      306      223         0
                text20                              C51      C51        F         0
                text19                              E61      E61       38         0
                text18                              BE0      BE0        7         0
                text17                              CEB      CEB       1C         0
                text16                               69       69      29D         0
                text15                              747      747       B5         0
                text14                              F87      F87       79         0
                text13                              D45      D45       22         0
                text12                              BB5      BB5        6         0
                text11                              C02      C02        B         0
                text10                              BE7      BE7        7         0
                text9                               D67      D67       24         0
                text8                               BBB      BBB        6         0
                text7                               C72      C72       15         0
                text6                               BC1      BC1        6         0
                text5                               C9E      C9E       17         0
                text4                               BC7      BC7        6         0
                text3                               CB5      CB5       1A         0
                text2                               C60      C60       12         0
                text1                               D07      D07       1D         0
                maintext                            529      529      152         0
                clrtext                             BCD      BCD        6         0
                inittext                            BD3      BD3        6         0
                idataBANK2                          D24      D24       21         0
                idataBANK1                          D8B      D8B       26         0

        CLASS   STRCODE        
                stringtext2                        1007     1007        7         0
                stringtext1                        1000     1000        7         0

        CLASS   STRING         

        CLASS   CONST          

        CLASS   ENTRY          

        CLASS   COMMON         
                cstackCOMMON                         70       70        6         1
                bssCOMMON                            76       76        5         1

        CLASS   BANK0          
                cstackBANK0                          20       20       22         1
                bssBANK0                             42       42       1C         1
                nvBANK0                              5E       5E        B         1

        CLASS   BANK1          
                dataBANK1                            A0       A0       26         1
                bssBANK1                             C6       C6       20         1
                nvBANK1                              E6       E6        2         1

        CLASS   BANK2          
                dataBANK2                           120      120       21         1

        CLASS   BANK3          

        CLASS   BANK4          

        CLASS   BANK5          

        CLASS   BANK6          

        CLASS   BANK7          

        CLASS   BANK8          

        CLASS   BANK9          

        CLASS   BANK10         

        CLASS   BANK11         

        CLASS   BANK12         

        CLASS   BIGRAM         

        CLASS   RAM            

        CLASS   ABS1           
                abs_s1                               7E       7E        2         1

        CLASS   SFR0           

        CLASS   SFR1           

        CLASS   SFR2           

        CLASS   SFR3           

        CLASS   SFR4           

        CLASS   SFR5           

        CLASS   SFR6           

        CLASS   SFR7           

        CLASS   SFR8           

        CLASS   SFR9           

        CLASS   SFR10          

        CLASS   SFR11          

        CLASS   SFR12          

        CLASS   SFR13          

        CLASS   SFR14          

        CLASS   SFR15          

        CLASS   SFR16          

        CLASS   SFR17          

        CLASS   SFR18          

        CLASS   SFR19          

        CLASS   SFR20          

        CLASS   SFR21          

        CLASS   SFR22          

        CLASS   SFR23          

        CLASS   SFR24          

        CLASS   SFR25          

        CLASS   SFR26          

        CLASS   SFR27          

        CLASS   SFR28          

        CLASS   SFR29          

        CLASS   SFR30          

        CLASS   SFR31          

        CLASS   CONFIG         
                config                             8007     8007        3         0

        CLASS   IDLOC          

        CLASS   BANK31         

        CLASS   BANK30         

        CLASS   BANK29         

        CLASS   BANK28         

        CLASS   BANK27         

        CLASS   BANK26         

        CLASS   BANK25         

        CLASS   BANK24         

        CLASS   BANK23         

        CLASS   BANK22         

        CLASS   BANK21         

        CLASS   BANK20         

        CLASS   BANK19         

        CLASS   BANK18         

        CLASS   BANK17         

        CLASS   BANK16         

        CLASS   BANK15         

        CLASS   BANK14         

        CLASS   BANK13         

        CLASS   EEDATA         



SEGMENTS        Name                           Load    Length   Top    Selector   Space  Class     Delta

                reset_vec                      000000  000004  000004         0       0  CODE        2
                intentry                       000004  0007FC  000800         8       0  CODE        2
                cstackBANK0                    000020  000049  000069        20       1  BANK0       1
                cstackCOMMON                   000070  00000B  00007B        70       1  COMMON      1
                dataBANK1                      0000A0  000048  0000E8        A0       1  BANK1       1
                dataBANK2                      000120  000021  000141       120       1  BANK2       1
                text46                         000BB1  000001  000BB2      1762       0  CODE        2
                text43                         000BB2  000001  000BB3      1764       0  CODE        2
                text42                         000BB3  000001  000BB4      1766       0  CODE        2
                text39                         000BB4  000001  000BB5      1768       0  CODE        2
                text12                         000BB5  000006  000BBB      176A       0  CODE        2
                text8                          000BBB  000006  000BC1      1776       0  CODE        2
                text6                          000BC1  000006  000BC7      1782       0  CODE        2
                text4                          000BC7  000006  000BCD      178E       0  CODE        2
                clrtext                        000BCD  000006  000BD3      179A       0  CODE        2
                inittext                       000BD3  000006  000BD9      17A6       0  CODE        2
                text40                         000BD9  000007  000BE0      17B2       0  CODE        2
                text18                         000BE0  000007  000BE7      17C0       0  CODE        2
                text10                         000BE7  000007  000BEE      17CE       0  CODE        2
                text29                         000BEE  000009  000BF7      17DC       0  CODE        2
                text38                         000BF7  00000B  000C02      17EE       0  CODE        2
                text11                         000C02  00000B  000C0D      1804       0  CODE        2
                text36                         000C0D  00000C  000C19      181A       0  CODE        2
                text31                         000C19  00000C  000C25      1832       0  CODE        2
                text33                         000C25  00000E  000C33      184A       0  CODE        2
                text37                         000C33  00000F  000C42      1866       0  CODE        2
                text32                         000C42  00000F  000C51      1884       0  CODE        2
                text20                         000C51  00000F  000C60      18A2       0  CODE        2
                text2                          000C60  000012  000C72      18C0       0  CODE        2
                text7                          000C72  000015  000C87      18E4       0  CODE        2
                text28                         000C87  000017  000C9E      190E       0  CODE        2
                text5                          000C9E  000017  000CB5      193C       0  CODE        2
                text3                          000CB5  00001A  000CCF      196A       0  CODE        2
                text41                         000CCF  00001C  000CEB      199E       0  CODE        2
                text17                         000CEB  00001C  000D07      19D6       0  CODE        2
                text1                          000D07  00001D  000D24      1A0E       0  CODE        2
                idataBANK2                     000D24  000021  000D45      1A48       0  CODE        2
                text13                         000D45  000022  000D67      1A8A       0  CODE        2
                text9                          000D67  000024  000D8B      1ACE       0  CODE        2
                idataBANK1                     000D8B  000026  000DB1      1B16       0  CODE        2
                text45                         000DB1  000027  000DD8      1B62       0  CODE        2
                text27                         000DD8  000027  000DFF      1BB0       0  CODE        2
                text22                         000DFF  00002D  000E2C      1BFE       0  CODE        2
                text23                         000E2C  000035  000E61      1C58       0  CODE        2
                text19                         000E61  000038  000E99      1CC2       0  CODE        2
                text24                         000E99  000043  000EDC      1D32       0  CODE        2
                text25                         000EDC  000053  000F2F      1DB8       0  CODE        2
                text26                         000F2F  000058  000F87      1E5E       0  CODE        2
                text14                         000F87  000079  001000      1F0E       0  CODE        2
                stringtext1                    001000  00000E  00100E      2000       0  STRCODE     2
                config                         008007  000003  00800A     1000E       0  CONFIG      2


UNUSED ADDRESS RANGES

        Name                Unused          Largest block    Delta
        BANK0            00069-0006F               7           1
        BANK1            000E8-000EF               8           1
        BANK10           00520-0056F              50           1
        BANK11           005A0-005EF              50           1
        BANK12           00620-0064F              30           1
        BANK2            00141-0016F              2F           1
        BANK3            001A0-001EF              50           1
        BANK4            00220-0026F              50           1
        BANK5            002A0-002EF              50           1
        BANK6            00320-0036F              50           1
        BANK7            003A0-003EF              50           1
        BANK8            00420-0046F              50           1
        BANK9            004A0-004EF              50           1
        BIGRAM           02000-023EF             3F0           1
        CODE             00800-00BB0             3B1           2
                         0100E-01F7F             7F2
        COMMON           0007B-0007D               3           1
        CONST            00800-00BB0             100           2
                         0100E-01F7F             100
        ENTRY            00800-00BB0             100           2
                         0100E-01F7F             100
        IDLOC            08000-08003               4           2
        RAM              00069-0006F               7           1
                         000E8-000EF               8
                         00141-0016F              2F
                         001A0-001EF              50
                         00220-0026F              50
                         002A0-002EF              50
                         00320-0036F              50
                         003A0-003EF              50
                         00420-0046F              50
                         004A0-004EF              50
                         00520-0056F              50
                         005A0-005EF              50
                         00620-0064F              30
        SFR0             00000-0001F              20           1
        SFR1             00080-0009F              20           1
        SFR10            00500-0051F              20           1
        SFR11            00580-0059F              20           1
        SFR12            00600-0061F              20           1
        SFR13            00680-006EF              70           1
        SFR14            00700-0076F              70           1
        SFR15            00780-007EF              70           1
        SFR16            00800-0086F              70           1
        SFR17            00880-008EF              70           1
        SFR18            00900-0096F              70           1
        SFR19            00980-009EF              70           1
        SFR2             00100-0011F              20           1
        SFR20            00A00-00A6F              70           1
        SFR21            00A80-00AEF              70           1
        SFR22            00B00-00B6F              70           1
        SFR23            00B80-00BEF              70           1
        SFR24            00C00-00C6F              70           1
        SFR25            00C80-00CEF              70           1
        SFR26            00D00-00D6F              70           1
        SFR27            00D80-00DEF              70           1
        SFR28            00E00-00E6F              70           1
        SFR29            00E80-00EEF              70           1
        SFR3             00180-0019F              20           1
        SFR30            00F00-00F6F              70           1
        SFR31            00F80-00FEF              70           1
        SFR4             00200-0021F              20           1
        SFR5             00280-0029F              20           1
        SFR6             00300-0031F              20           1
        SFR7             00380-0039F              20           1
        SFR8             00400-0041F              20           1
        SFR9             00480-0049F              20           1
        STACK            020C1-023EF             32F           1
        STRCODE          00800-00BB0             3B1           2
                         0100E-01F7F             F72
        STRING           00800-00BB0             100           2
                         0100E-01F7F             100

                                  Symbol Table

?_FLASH_read                              cstackCOMMON 00073
?___lldiv                                 cstackBANK0  00028
?___llmod                                 cstackBANK0  00020
?___lwdiv                                 cstackBANK0  00024
?___lwmod                                 cstackBANK0  00020
FLASH_erase@address                       cstackCOMMON 00073
FLASH_erase@temp                          cstackCOMMON 00075
FLASH_read@address                        cstackCOMMON 00073
FLASH_write@address                       cstackBANK0  00020
FLASH_write@data                          cstackBANK0  00022
FLASH_write@latch                         cstackBANK0  00024
FLASH_write@temp                          cstackCOMMON 00073
HEFLASH_checkData@r                       cstackBANK0  0003E
HEFLASH_readBlock@add                     cstackBANK0  00024
HEFLASH_readBlock@buffer                  cstackBANK0  00026
HEFLASH_readBlock@count                   cstackBANK0  00021
HEFLASH_readBlock@radd                    cstackBANK0  00020
HEFLASH_writeBlock@add                    cstackBANK0  0002A
HEFLASH_writeBlock@count                  cstackBANK0  00026
HEFLASH_writeBlock@data                   cstackBANK0  00025
HEFLASH_writeBlock@radd                   cstackBANK0  00029
INT_SetInterruptHandler@InterruptHandler  cstackCOMMON 00073
LCDSendData@RS                            cstackCOMMON 00073
LCDSendData@value                         cstackCOMMON 00075
Print@str                                 cstackBANK0  00022
TMR0_SetInterruptHandler@InterruptHandler cstackCOMMON 00073
TMR1_SetInterruptHandler@InterruptHandler cstackCOMMON 00073
TMR1_WriteTimer@timerVal                  cstackCOMMON 00070
TMR3_SetInterruptHandler@InterruptHandler cstackCOMMON 00073
TMR3_WriteTimer@timerVal                  cstackCOMMON 00070
_ANSELA                                   (abs)        0018C
_ANSELB                                   (abs)        0018D
_ANSELC                                   (abs)        0018E
_BORCON                                   (abs)        00116
_Data_Toseg                               text21       00306
_EXT_INT_Initialize                       text11       00C02
_FLASH_erase                              text28       00C87
_FLASH_read                               text20       00C51
_FLASH_write                              text27       00DD8
_HEFBufferData                            bssBANK1     000C6
_HEFLASH_checkData                        text16       00069
_HEFLASH_readBlock                        text19       00E61
_HEFLASH_writeBlock                       text26       00F2F
_INTCONbits                               (abs)        0000B
_INTERRUPT_InterruptManager               intentry     00004
_INTPPS                                   (abs)        00E10
_INT_CallBack                             text45       00DB1
_INT_DefaultInterruptHandler              text46       00BB1
_INT_ISR                                  text44       007FC
_INT_InterruptHandler                     nvBANK1      000E6
_INT_SetInterruptHandler                  text12       00BB5
_KeyClearHEFFlag                          bssBANK0     0005B
_KeyPushTimeCnt                           bssBANK0     00057
_LATA                                     (abs)        0010C
_LATAbits                                 (abs)        0010C
_LATB                                     (abs)        0010D
_LATBbits                                 (abs)        0010D
_LATC                                     (abs)        0010E
_LATCbits                                 (abs)        0010E
_LCDInit                                  text14       00F87
_LCDSendData                              text15       00747
_ODCONA                                   (abs)        0028C
_ODCONB                                   (abs)        0028D
_ODCONC                                   (abs)        0028E
_OPTION_REG                               (abs)        00095
_OPTION_REGbits                           (abs)        00095
_OSCCON                                   (abs)        00099
_OSCILLATOR_Initialize                    text10       00BE7
_OSCTUNE                                  (abs)        00098
_PIE1bits                                 (abs)        00090
_PIE5bits                                 (abs)        00094
_PIN_MANAGER_IOC                          text43       00BB2
_PIN_MANAGER_Initialize                   text9        00D67
_PIR1bits                                 (abs)        00010
_PIR5bits                                 (abs)        00014
_PMADR                                    (abs)        00191
_PMCON1bits                               (abs)        00195
_PMDAT                                    (abs)        00193
_PORTAbits                                (abs)        0000C
_PORTC                                    (abs)        0000E
_Print                                    text13       00D45
_SYSTEM_Initialize                        text2        00C60
_T1CON                                    (abs)        00018
_T1CONbits                                (abs)        00018
_T1GCON                                   (abs)        00019
_T1GCONbits                               (abs)        00019
_T3CON                                    (abs)        00495
_T3CONbits                                (abs)        00495
_T3GCON                                   (abs)        00496
_T3GCONbits                               (abs)        00496
_TMR0                                     (abs)        00015
_TMR0_CallBack                            text41       00CCF
_TMR0_DefaultInterruptHandler             text42       00BB3
_TMR0_ISR                                 text40       00BD9
_TMR0_Initialize                          text7        00C72
_TMR0_InterruptHandler                    nvBANK0      00066
_TMR0_SetInterruptHandler                 text8        00BBB
_TMR1H                                    (abs)        00017
_TMR1L                                    (abs)        00016
_TMR1_CallBack                            text38       00BF7
_TMR1_DefaultInterruptHandler             text39       00BB4
_TMR1_ISR                                 text36       00C0D
_TMR1_Initialize                          text5        00C9E
_TMR1_InterruptHandler                    nvBANK0      00062
_TMR1_SetInterruptHandler                 text6        00BC1
_TMR1_WriteTimer                          text37       00C33
_TMR3H                                    (abs)        00494
_TMR3L                                    (abs)        00493
_TMR3_CallBack                            text33       00C25
_TMR3_DefaultInterruptHandler             text35       00003
_TMR3_ISR                                 text31       00C19
_TMR3_Initialize                          text3        00CB5
_TMR3_InterruptHandler                    nvBANK0      0005E
_TMR3_SetInterruptHandler                 text4        00BC7
_TMR3_WriteTimer                          text32       00C42
_TRISA                                    (abs)        0008C
_TRISB                                    (abs)        0008D
_TRISC                                    (abs)        0008E
_WPUA                                     (abs)        0020C
_WPUB                                     (abs)        0020D
_WPUC                                     (abs)        0020E
__CFG_BOREN$ON                            (abs)        00000
__CFG_BORV$LO                             (abs)        00000
__CFG_CLKOUTEN$OFF                        (abs)        00000
__CFG_CP$OFF                              (abs)        00000
__CFG_FCMEN$ON                            (abs)        00000
__CFG_FOSC$INTOSC                         (abs)        00000
__CFG_IESO$ON                             (abs)        00000
__CFG_LPBOR$OFF                           (abs)        00000
__CFG_LVP$ON                              (abs)        00000
__CFG_MCLRE$ON                            (abs)        00000
__CFG_PLLEN$ON                            (abs)        00000
__CFG_PPS1WAY$ON                          (abs)        00000
__CFG_PWRTE$OFF                           (abs)        00000
__CFG_STVREN$ON                           (abs)        00000
__CFG_WDTCCS$SWC                          (abs)        00000
__CFG_WDTCPS$WDTCPS1F                     (abs)        00000
__CFG_WDTCWS$WDTCWSSW                     (abs)        00000
__CFG_WDTE$OFF                            (abs)        00000
__CFG_WRT$OFF                             (abs)        00000
__CFG_ZCD$OFF                             (abs)        00000
__Habs1                                   abs1         00000
__Hbank0                                  bank0        00000
__Hbank1                                  bank1        00000
__Hbank10                                 bank10       00000
__Hbank11                                 bank11       00000
__Hbank12                                 bank12       00000
__Hbank13                                 bank13       00000
__Hbank14                                 bank14       00000
__Hbank15                                 bank15       00000
__Hbank16                                 bank16       00000
__Hbank17                                 bank17       00000
__Hbank18                                 bank18       00000
__Hbank19                                 bank19       00000
__Hbank2                                  bank2        00000
__Hbank20                                 bank20       00000
__Hbank21                                 bank21       00000
__Hbank22                                 bank22       00000
__Hbank23                                 bank23       00000
__Hbank24                                 bank24       00000
__Hbank25                                 bank25       00000
__Hbank26                                 bank26       00000
__Hbank27                                 bank27       00000
__Hbank28                                 bank28       00000
__Hbank29                                 bank29       00000
__Hbank3                                  bank3        00000
__Hbank30                                 bank30       00000
__Hbank31                                 bank31       00000
__Hbank4                                  bank4        00000
__Hbank5                                  bank5        00000
__Hbank6                                  bank6        00000
__Hbank7                                  bank7        00000
__Hbank8                                  bank8        00000
__Hbank9                                  bank9        00000
__Hbigram                                 bigram       00000
__HbssBANK0                               bssBANK0     00000
__HbssBANK1                               bssBANK1     00000
__HbssCOMMON                              bssCOMMON    00000
__Hcinit                                  cinit        00069
__Hclrtext                                clrtext      00000
__Hcode                                   code         00000
__Hcommon                                 common       00000
__Hconfig                                 config       0800A
__HcstackBANK0                            cstackBANK0  00000
__HcstackCOMMON                           cstackCOMMON 00000
__HdataBANK1                              dataBANK1    00000
__HdataBANK2                              dataBANK2    00000
__Heeprom_data                            eeprom_data  00000
__Hend_init                               end_init     00039
__Hfunctab                                functab      00000
__HidataBANK1                             idataBANK1   00000
__HidataBANK2                             idataBANK2   00000
__Hidloc                                  idloc        00000
__Hinit                                   init         00037
__Hinittext                               inittext     00000
__Hintentry                               intentry     00037
__Hmaintext                               maintext     00000
__HnvBANK0                                nvBANK0      00000
__HnvBANK1                                nvBANK1      00000
__Hpowerup                                powerup      00000
__Hram                                    ram          00000
__Hreset_vec                              reset_vec    00003
__Hsfr0                                   sfr0         00000
__Hsfr1                                   sfr1         00000
__Hsfr10                                  sfr10        00000
__Hsfr11                                  sfr11        00000
__Hsfr12                                  sfr12        00000
__Hsfr13                                  sfr13        00000
__Hsfr14                                  sfr14        00000
__Hsfr15                                  sfr15        00000
__Hsfr16                                  sfr16        00000
__Hsfr17                                  sfr17        00000
__Hsfr18                                  sfr18        00000
__Hsfr19                                  sfr19        00000
__Hsfr2                                   sfr2         00000
__Hsfr20                                  sfr20        00000
__Hsfr21                                  sfr21        00000
__Hsfr22                                  sfr22        00000
__Hsfr23                                  sfr23        00000
__Hsfr24                                  sfr24        00000
__Hsfr25                                  sfr25        00000
__Hsfr26                                  sfr26        00000
__Hsfr27                                  sfr27        00000
__Hsfr28                                  sfr28        00000
__Hsfr29                                  sfr29        00000
__Hsfr3                                   sfr3         00000
__Hsfr30                                  sfr30        00000
__Hsfr31                                  sfr31        00000
__Hsfr4                                   sfr4         00000
__Hsfr5                                   sfr5         00000
__Hsfr6                                   sfr6         00000
__Hsfr7                                   sfr7         00000
__Hsfr8                                   sfr8         00000
__Hsfr9                                   sfr9         00000
__Hspace_0                                (abs)        0800A
__Hspace_1                                (abs)        00141
__Hspace_2                                (abs)        00000
__Hspace_3                                (abs)        00000
__Hstack                                  stack        00000
__Hstrings                                strings      00000
__Hstringtext1                            stringtext1  00000
__Hstringtext2                            stringtext2  00000
__Hstringtext3                            stringtext3  00000
__Htext                                   text         00000
__Labs1                                   abs1         00000
__Lbank0                                  bank0        00000
__Lbank1                                  bank1        00000
__Lbank10                                 bank10       00000
__Lbank11                                 bank11       00000
__Lbank12                                 bank12       00000
__Lbank13                                 bank13       00000
__Lbank14                                 bank14       00000
__Lbank15                                 bank15       00000
__Lbank16                                 bank16       00000
__Lbank17                                 bank17       00000
__Lbank18                                 bank18       00000
__Lbank19                                 bank19       00000
__Lbank2                                  bank2        00000
__Lbank20                                 bank20       00000
__Lbank21                                 bank21       00000
__Lbank22                                 bank22       00000
__Lbank23                                 bank23       00000
__Lbank24                                 bank24       00000
__Lbank25                                 bank25       00000
__Lbank26                                 bank26       00000
__Lbank27                                 bank27       00000
__Lbank28                                 bank28       00000
__Lbank29                                 bank29       00000
__Lbank3                                  bank3        00000
__Lbank30                                 bank30       00000
__Lbank31                                 bank31       00000
__Lbank4                                  bank4        00000
__Lbank5                                  bank5        00000
__Lbank6                                  bank6        00000
__Lbank7                                  bank7        00000
__Lbank8                                  bank8        00000
__Lbank9                                  bank9        00000
__Lbigram                                 bigram       00000
__LbssBANK0                               bssBANK0     00000
__LbssBANK1                               bssBANK1     00000
__LbssCOMMON                              bssCOMMON    00000
__Lcinit                                  cinit        00039
__Lclrtext                                clrtext      00000
__Lcode                                   code         00000
__Lcommon                                 common       00000
__Lconfig                                 config       08007
__LcstackBANK0                            cstackBANK0  00000
__LcstackCOMMON                           cstackCOMMON 00000
__LdataBANK1                              dataBANK1    00000
__LdataBANK2                              dataBANK2    00000
__Leeprom_data                            eeprom_data  00000
__Lend_init                               end_init     00037
__Lfunctab                                functab      00000
__LidataBANK1                             idataBANK1   00000
__LidataBANK2                             idataBANK2   00000
__Lidloc                                  idloc        00000
__Linit                                   init         00037
__Linittext                               inittext     00000
__Lintentry                               intentry     00004
__Lmaintext                               maintext     00000
__LnvBANK0                                nvBANK0      00000
__LnvBANK1                                nvBANK1      00000
__Lpowerup                                powerup      00000
__Lram                                    ram          00000
__Lreset_vec                              reset_vec    00000
__Lsfr0                                   sfr0         00000
__Lsfr1                                   sfr1         00000
__Lsfr10                                  sfr10        00000
__Lsfr11                                  sfr11        00000
__Lsfr12                                  sfr12        00000
__Lsfr13                                  sfr13        00000
__Lsfr14                                  sfr14        00000
__Lsfr15                                  sfr15        00000
__Lsfr16                                  sfr16        00000
__Lsfr17                                  sfr17        00000
__Lsfr18                                  sfr18        00000
__Lsfr19                                  sfr19        00000
__Lsfr2                                   sfr2         00000
__Lsfr20                                  sfr20        00000
__Lsfr21                                  sfr21        00000
__Lsfr22                                  sfr22        00000
__Lsfr23                                  sfr23        00000
__Lsfr24                                  sfr24        00000
__Lsfr25                                  sfr25        00000
__Lsfr26                                  sfr26        00000
__Lsfr27                                  sfr27        00000
__Lsfr28                                  sfr28        00000
__Lsfr29                                  sfr29        00000
__Lsfr3                                   sfr3         00000
__Lsfr30                                  sfr30        00000
__Lsfr31                                  sfr31        00000
__Lsfr4                                   sfr4         00000
__Lsfr5                                   sfr5         00000
__Lsfr6                                   sfr6         00000
__Lsfr7                                   sfr7         00000
__Lsfr8                                   sfr8         00000
__Lsfr9                                   sfr9         00000
__Lspace_0                                (abs)        00000
__Lspace_1                                (abs)        00000
__Lspace_2                                (abs)        00000
__Lspace_3                                (abs)        00000
__Lstack                                  stack        00000
__Lstrings                                strings      00000
__Lstringtext1                            stringtext1  00000
__Lstringtext2                            stringtext2  00000
__Lstringtext3                            stringtext3  00000
__Ltext                                   text         00000
__S0                                      (abs)        0800A
__S1                                      (abs)        00141
__S2                                      (abs)        00000
___int_sp                                 stack        00000
___latbits                                (abs)        00002
___lldiv                                  text25       00EDC
___lldiv@counter                          cstackBANK0  00034
___lldiv@dividend                         cstackBANK0  0002C
___lldiv@divisor                          cstackBANK0  00028
___lldiv@quotient                         cstackBANK0  00030
___llmod                                  text24       00E99
___llmod@counter                          cstackCOMMON 00074
___llmod@dividend                         cstackBANK0  00024
___llmod@divisor                          cstackBANK0  00020
___lwdiv                                  text23       00E2C
___lwdiv@counter                          cstackBANK0  00028
___lwdiv@dividend                         cstackBANK0  00026
___lwdiv@divisor                          cstackBANK0  00024
___lwdiv@quotient                         cstackBANK0  00029
___lwmod                                  text22       00DFF
___lwmod@counter                          cstackCOMMON 00074
___lwmod@dividend                         cstackBANK0  00022
___lwmod@divisor                          cstackBANK0  00020
___sp                                     stack        00000
__end_of_Data_Toseg                       text21       00529
__end_of_EXT_INT_Initialize               text11       00C0D
__end_of_FLASH_erase                      text28       00C9E
__end_of_FLASH_read                       text20       00C60
__end_of_FLASH_write                      text27       00DFF
__end_of_HEFLASH_checkData                text16       00306
__end_of_HEFLASH_readBlock                text19       00E99
__end_of_HEFLASH_writeBlock               text26       00F87
__end_of_INTERRUPT_InterruptManager       intentry     00037
__end_of_INT_CallBack                     text45       00DD8
__end_of_INT_DefaultInterruptHandler      text46       00BB2
__end_of_INT_ISR                          text44       00800
__end_of_INT_SetInterruptHandler          text12       00BBB
__end_of_LCDInit                          text14       01000
__end_of_LCDSendData                      text15       007FC
__end_of_OSCILLATOR_Initialize            text10       00BEE
__end_of_PIN_MANAGER_IOC                  text43       00BB3
__end_of_PIN_MANAGER_Initialize           text9        00D8B
__end_of_Print                            text13       00D67
__end_of_SYSTEM_Initialize                text2        00C72
__end_of_TMR0_CallBack                    text41       00CEB
__end_of_TMR0_DefaultInterruptHandler     text42       00BB4
__end_of_TMR0_ISR                         text40       00BE0
__end_of_TMR0_Initialize                  text7        00C87
__end_of_TMR0_SetInterruptHandler         text8        00BC1
__end_of_TMR1_CallBack                    text38       00C02
__end_of_TMR1_DefaultInterruptHandler     text39       00BB5
__end_of_TMR1_ISR                         text36       00C19
__end_of_TMR1_Initialize                  text5        00CB5
__end_of_TMR1_SetInterruptHandler         text6        00BC7
__end_of_TMR1_WriteTimer                  text37       00C42
__end_of_TMR3_CallBack                    text33       00C33
__end_of_TMR3_DefaultInterruptHandler     text35       00004
__end_of_TMR3_ISR                         text31       00C25
__end_of_TMR3_Initialize                  text3        00CCF
__end_of_TMR3_SetInterruptHandler         text4        00BCD
__end_of_TMR3_WriteTimer                  text32       00C51
__end_of___lldiv                          text25       00F2F
__end_of___llmod                          text24       00EDC
__end_of___lwdiv                          text23       00E61
__end_of___lwmod                          text22       00E2C
__end_of__fassert                         text18       00BE7
__end_of__initialization                  cinit        00065
__end_of__unlock                          text29       00BF7
__end_of_bsp_CounterInit                  text1        00D24
__end_of_bsp_TimerInterruptISRCallback    text34       00747
__end_of_main                             maintext     0067B
__end_of_memset                           text17       00D07
__fassert                                 text18       00BE0
__fassert@expr                            cstackBANK0  00024
__fassert@file                            cstackBANK0  00022
__fassert@line                            cstackBANK0  00020
__initialization                          cinit        00039
__pbssBANK0                               bssBANK0     00042
__pbssBANK1                               bssBANK1     000C6
__pbssCOMMON                              bssCOMMON    00076
__pcstackBANK0                            cstackBANK0  00020
__pcstackCOMMON                           cstackCOMMON 00070
__pdataBANK1                              dataBANK1    000A0
__pdataBANK2                              dataBANK2    00120
__pidataBANK1                             idataBANK1   00D8B
__pidataBANK2                             idataBANK2   00D24
__pintentry                               intentry     00004
__pmaintext                               maintext     00529
__pnvBANK0                                nvBANK0      0005E
__pnvBANK1                                nvBANK1      000E6
__pstringtext1                            stringtext1  01000
__pstringtext2                            stringtext2  01007
__pstringtext3                            stringtext3  00000
__ptext1                                  text1        00D07
__ptext10                                 text10       00BE7
__ptext11                                 text11       00C02
__ptext12                                 text12       00BB5
__ptext13                                 text13       00D45
__ptext14                                 text14       00F87
__ptext15                                 text15       00747
__ptext16                                 text16       00069
__ptext17                                 text17       00CEB
__ptext18                                 text18       00BE0
__ptext19                                 text19       00E61
__ptext2                                  text2        00C60
__ptext20                                 text20       00C51
__ptext21                                 text21       00306
__ptext22                                 text22       00DFF
__ptext23                                 text23       00E2C
__ptext24                                 text24       00E99
__ptext25                                 text25       00EDC
__ptext26                                 text26       00F2F
__ptext27                                 text27       00DD8
__ptext28                                 text28       00C87
__ptext29                                 text29       00BEE
__ptext3                                  text3        00CB5
__ptext31                                 text31       00C19
__ptext32                                 text32       00C42
__ptext33                                 text33       00C25
__ptext34                                 text34       0067B
__ptext35                                 text35       00003
__ptext36                                 text36       00C0D
__ptext37                                 text37       00C33
__ptext38                                 text38       00BF7
__ptext39                                 text39       00BB4
__ptext4                                  text4        00BC7
__ptext40                                 text40       00BD9
__ptext41                                 text41       00CCF
__ptext42                                 text42       00BB3
__ptext43                                 text43       00BB2
__ptext44                                 text44       007FC
__ptext45                                 text45       00DB1
__ptext46                                 text46       00BB1
__ptext5                                  text5        00C9E
__ptext6                                  text6        00BC1
__ptext7                                  text7        00C72
__ptext8                                  text8        00BBB
__ptext9                                  text9        00D67
__size_of_Data_Toseg                      (abs)        00000
__size_of_EXT_INT_Initialize              (abs)        00000
__size_of_FLASH_erase                     (abs)        00000
__size_of_FLASH_read                      (abs)        00000
__size_of_FLASH_write                     (abs)        00000
__size_of_HEFLASH_checkData               (abs)        00000
__size_of_HEFLASH_readBlock               (abs)        00000
__size_of_HEFLASH_writeBlock              (abs)        00000
__size_of_INTERRUPT_InterruptManager      (abs)        00000
__size_of_INT_CallBack                    (abs)        00000
__size_of_INT_DefaultInterruptHandler     (abs)        00000
__size_of_INT_ISR                         (abs)        00000
__size_of_INT_SetInterruptHandler         (abs)        00000
__size_of_LCDInit                         (abs)        00000
__size_of_LCDSendData                     (abs)        00000
__size_of_OSCILLATOR_Initialize           (abs)        00000
__size_of_PIN_MANAGER_IOC                 (abs)        00000
__size_of_PIN_MANAGER_Initialize          (abs)        00000
__size_of_Print                           (abs)        00000
__size_of_SYSTEM_Initialize               (abs)        00000
__size_of_TMR0_CallBack                   (abs)        00000
__size_of_TMR0_DefaultInterruptHandler    (abs)        00000
__size_of_TMR0_ISR                        (abs)        00000
__size_of_TMR0_Initialize                 (abs)        00000
__size_of_TMR0_SetInterruptHandler        (abs)        00000
__size_of_TMR1_CallBack                   (abs)        00000
__size_of_TMR1_DefaultInterruptHandler    (abs)        00000
__size_of_TMR1_ISR                        (abs)        00000
__size_of_TMR1_Initialize                 (abs)        00000
__size_of_TMR1_SetInterruptHandler        (abs)        00000
__size_of_TMR1_WriteTimer                 (abs)        00000
__size_of_TMR3_CallBack                   (abs)        00000
__size_of_TMR3_DefaultInterruptHandler    (abs)        00000
__size_of_TMR3_ISR                        (abs)        00000
__size_of_TMR3_Initialize                 (abs)        00000
__size_of_TMR3_SetInterruptHandler        (abs)        00000
__size_of_TMR3_WriteTimer                 (abs)        00000
__size_of___lldiv                         (abs)        00000
__size_of___llmod                         (abs)        00000
__size_of___lwdiv                         (abs)        00000
__size_of___lwmod                         (abs)        00000
__size_of__fassert                        (abs)        00000
__size_of__unlock                         (abs)        00000
__size_of_bsp_CounterInit                 (abs)        00000
__size_of_bsp_TimerInterruptISRCallback   (abs)        00000
__size_of_main                            (abs)        00000
__size_of_memset                          (abs)        00000
__unlock                                  text29       00BEE
_bsp_CounterInit                          text1        00D07
_bsp_TimerInterruptISRCallback            text34       0067B
_clearDataOk_1                            dataBANK2    00132
_clearDataOk_2                            dataBANK1    000B0
_clearingData                             dataBANK2    00120
_display_data_1                           dataBANK1    000A0
_display_data_2                           dataBANK1    000BB
_gBoxCntStruct                            bssBANK0     00042
_gEnterFlag                               bssCOMMON    00077
_gExitFlag                                bssCOMMON    00076
_gInterruptFlag                           bssBANK0     0005D
_gTimer0AlarmFlashFlag                    bssCOMMON    0007A
_gTimer0NormalFalshCnt                    bssCOMMON    00079
_gTimer0NormalFlashFlag                   bssCOMMON    00078
_gTimer3Flag                              bssBANK0     0005C
_main                                     maintext     00529
_memset                                   text17       00CEB
_timer0ReloadVal                          nvBANK0      00068
_timer1ReloadVal                          nvBANK0      00064
_timer3ReloadVal                          nvBANK0      00060
btemp                                     (abs)        0007E
clear_ram0                                clrtext      00BCD
end_of_initialization                     cinit        00065
init_ram                                  inittext     00BD3
int$flags                                 (abs)        0007E
intlevel0                                 functab      00000
intlevel1                                 functab      00000
intlevel2                                 functab      00000
intlevel3                                 functab      00000
intlevel4                                 functab      00000
intlevel5                                 functab      00000
memset@c                                  cstackBANK0  00020
memset@n                                  cstackBANK0  00022
memset@p                                  cstackCOMMON 00074
memset@p1                                 cstackCOMMON 00075
reset_vec                                 reset_vec    00000
stackhi                                   (abs)        023EF
stacklo                                   (abs)        020C1
start                                     init         00037
start_initialization                      cinit        00039
wtemp0                                    (abs)        0007E


FUNCTION INFORMATION:

 *************** function _main *****************
 Defined at:
		line 254 in file "main.c"
 Parameters:    Size  Location     Type
		None
 Auto vars:     Size  Location     Type
		None
 Return value:  Size  Location     Type
                  1    wreg      void 
 Registers used:
		wreg, fsr1l, fsr1h, status,2, status,0, pclath, cstack
 Tracked objects:
		On entry : 
		On exit  : 
		Unchanged: 
 Data sizes:     COMMON   BANK0   BANK1   BANK2   BANK3   BANK4   BANK5   BANK6   BANK7   BANK8   BANK9  BANK10  BANK11  BANK12
      Params:         0       0       0       0       0       0       0       0       0       0       0       0       0       0
      Locals:         0       0       0       0       0       0       0       0       0       0       0       0       0       0
      Temps:          0       2       0       0       0       0       0       0       0       0       0       0       0       0
      Totals:         0       2       0       0       0       0       0       0       0       0       0       0       0       0
Total ram usage:        2 bytes
 Hardware stack levels required when called:    8
 This function calls:
		_Data_Toseg
		_HEFLASH_checkData
		_HEFLASH_writeBlock
		_LCDInit
		_LCDSendData
		_Print
		_SYSTEM_Initialize
		_bsp_CounterInit
		_memset
 This function is called by:
		Startup code after reset
 This function uses a non-reentrant model


 *************** function _bsp_CounterInit *****************
 Defined at:
		line 6 in file "bsp_counter.c"
 Parameters:    Size  Location     Type
		None
 Auto vars:     Size  Location     Type
		None
 Return value:  Size  Location     Type
                  1    wreg      void 
 Registers used:
		wreg, status,2
 Tracked objects:
		On entry : 
		On exit  : 
		Unchanged: 
 Data sizes:     COMMON   BANK0   BANK1   BANK2   BANK3   BANK4   BANK5   BANK6   BANK7   BANK8   BANK9  BANK10  BANK11  BANK12
      Params:         0       0       0       0       0       0       0       0       0       0       0       0       0       0
      Locals:         0       0       0       0       0       0       0       0       0       0       0       0       0       0
      Temps:          0       0       0       0       0       0       0       0       0       0       0       0       0       0
      Totals:         0       0       0       0       0       0       0       0       0       0       0       0       0       0
Total ram usage:        0 bytes
 Hardware stack levels used:    1
 Hardware stack levels required when called:    4
 This function calls:
		Nothing
 This function is called by:
		_main
 This function uses a non-reentrant model


 *************** function _SYSTEM_Initialize *****************
 Defined at:
		line 50 in file "mcc_generated_files/mcc.c"
 Parameters:    Size  Location     Type
		None
 Auto vars:     Size  Location     Type
		None
 Return value:  Size  Location     Type
                  1    wreg      void 
 Registers used:
		wreg, status,2, status,0, pclath, cstack
 Tracked objects:
		On entry : 
		On exit  : 
		Unchanged: 
 Data sizes:     COMMON   BANK0   BANK1   BANK2   BANK3   BANK4   BANK5   BANK6   BANK7   BANK8   BANK9  BANK10  BANK11  BANK12
      Params:         0       0       0       0       0       0       0       0       0       0       0       0       0       0
      Locals:         0       0       0       0       0       0       0       0       0       0       0       0       0       0
      Temps:          0       0       0       0       0       0       0       0       0       0       0       0       0       0
      Totals:         0       0       0       0       0       0       0       0       0       0       0       0       0       0
Total ram usage:        0 bytes
 Hardware stack levels used:    1
 Hardware stack levels required when called:    6
 This function calls:
		_EXT_INT_Initialize
		_OSCILLATOR_Initialize
		_PIN_MANAGER_Initialize
		_TMR0_Initialize
		_TMR1_Initialize
		_TMR3_Initialize
 This function is called by:
		_main
 This function uses a non-reentrant model


 *************** function _TMR3_Initialize *****************
 Defined at:
		line 67 in file "mcc_generated_files/tmr3.c"
 Parameters:    Size  Location     Type
		None
 Auto vars:     Size  Location     Type
		None
 Return value:  Size  Location     Type
                  1    wreg      void 
 Registers used:
		wreg, status,2, status,0, pclath, cstack
 Tracked objects:
		On entry : 
		On exit  : 
		Unchanged: 
 Data sizes:     COMMON   BANK0   BANK1   BANK2   BANK3   BANK4   BANK5   BANK6   BANK7   BANK8   BANK9  BANK10  BANK11  BANK12
      Params:         0       0       0       0       0       0       0       0       0       0       0       0       0       0
      Locals:         0       0       0       0       0       0       0       0       0       0       0       0       0       0
      Temps:          0       0       0       0       0       0       0       0       0       0       0       0       0       0
      Totals:         0       0       0       0       0       0       0       0       0       0       0       0       0       0
Total ram usage:        0 bytes
 Hardware stack levels used:    1
 Hardware stack levels required when called:    5
 This function calls:
		_TMR3_SetInterruptHandler
 This function is called by:
		_SYSTEM_Initialize
 This function uses a non-reentrant model


 *************** function _TMR3_SetInterruptHandler *****************
 Defined at:
		line 182 in file "mcc_generated_files/tmr3.c"
 Parameters:    Size  Location     Type
  InterruptHan    2    3[COMMON] PTR FTN()void 
		 -> TMR3_DefaultInterruptHandler(1), 
 Auto vars:     Size  Location     Type
		None
 Return value:  Size  Location     Type
                  1    wreg      void 
 Registers used:
		wreg
 Tracked objects:
		On entry : 
		On exit  : 
		Unchanged: 
 Data sizes:     COMMON   BANK0   BANK1   BANK2   BANK3   BANK4   BANK5   BANK6   BANK7   BANK8   BANK9  BANK10  BANK11  BANK12
      Params:         2       0       0       0       0       0       0       0       0       0       0       0       0       0
      Locals:         0       0       0       0       0       0       0       0       0       0       0       0       0       0
      Temps:          0       0       0       0       0       0       0       0       0       0       0       0       0       0
      Totals:         2       0       0       0       0       0       0       0       0       0       0       0       0       0
Total ram usage:        2 bytes
 Hardware stack levels used:    1
 Hardware stack levels required when called:    4
 This function calls:
		Nothing
 This function is called by:
		_TMR3_Initialize
 This function uses a non-reentrant model


 *************** function _TMR1_Initialize *****************
 Defined at:
		line 64 in file "mcc_generated_files/tmr1.c"
 Parameters:    Size  Location     Type
		None
 Auto vars:     Size  Location     Type
		None
 Return value:  Size  Location     Type
                  1    wreg      void 
 Registers used:
		wreg, status,2, status,0, pclath, cstack
 Tracked objects:
		On entry : 
		On exit  : 
		Unchanged: 
 Data sizes:     COMMON   BANK0   BANK1   BANK2   BANK3   BANK4   BANK5   BANK6   BANK7   BANK8   BANK9  BANK10  BANK11  BANK12
      Params:         0       0       0       0       0       0       0       0       0       0       0       0       0       0
      Locals:         0       0       0       0       0       0       0       0       0       0       0       0       0       0
      Temps:          0       0       0       0       0       0       0       0       0       0       0       0       0       0
      Totals:         0       0       0       0       0       0       0       0       0       0       0       0       0       0
Total ram usage:        0 bytes
 Hardware stack levels used:    1
 Hardware stack levels required when called:    5
 This function calls:
		_TMR1_SetInterruptHandler
 This function is called by:
		_SYSTEM_Initialize
 This function uses a non-reentrant model


 *************** function _TMR1_SetInterruptHandler *****************
 Defined at:
		line 178 in file "mcc_generated_files/tmr1.c"
 Parameters:    Size  Location     Type
  InterruptHan    2    3[COMMON] PTR FTN()void 
		 -> TMR1_DefaultInterruptHandler(1), 
 Auto vars:     Size  Location     Type
		None
 Return value:  Size  Location     Type
                  1    wreg      void 
 Registers used:
		wreg
 Tracked objects:
		On entry : 
		On exit  : 
		Unchanged: 
 Data sizes:     COMMON   BANK0   BANK1   BANK2   BANK3   BANK4   BANK5   BANK6   BANK7   BANK8   BANK9  BANK10  BANK11  BANK12
      Params:         2       0       0       0       0       0       0       0       0       0       0       0       0       0
      Locals:         0       0       0       0       0       0       0       0       0       0       0       0       0       0
      Temps:          0       0       0       0       0       0       0       0       0       0       0       0       0       0
      Totals:         2       0       0       0       0       0       0       0       0       0       0       0       0       0
Total ram usage:        2 bytes
 Hardware stack levels used:    1
 Hardware stack levels required when called:    4
 This function calls:
		Nothing
 This function is called by:
		_TMR1_Initialize
 This function uses a non-reentrant model


 *************** function _TMR0_Initialize *****************
 Defined at:
		line 68 in file "mcc_generated_files/tmr0.c"
 Parameters:    Size  Location     Type
		None
 Auto vars:     Size  Location     Type
		None
 Return value:  Size  Location     Type
                  1    wreg      void 
 Registers used:
		wreg, status,2, status,0, pclath, cstack
 Tracked objects:
		On entry : 
		On exit  : 
		Unchanged: 
 Data sizes:     COMMON   BANK0   BANK1   BANK2   BANK3   BANK4   BANK5   BANK6   BANK7   BANK8   BANK9  BANK10  BANK11  BANK12
      Params:         0       0       0       0       0       0       0       0       0       0       0       0       0       0
      Locals:         0       0       0       0       0       0       0       0       0       0       0       0       0       0
      Temps:          1       0       0       0       0       0       0       0       0       0       0       0       0       0
      Totals:         1       0       0       0       0       0       0       0       0       0       0       0       0       0
Total ram usage:        1 bytes
 Hardware stack levels used:    1
 Hardware stack levels required when called:    5
 This function calls:
		_TMR0_SetInterruptHandler
 This function is called by:
		_SYSTEM_Initialize
 This function uses a non-reentrant model


 *************** function _TMR0_SetInterruptHandler *****************
 Defined at:
		line 144 in file "mcc_generated_files/tmr0.c"
 Parameters:    Size  Location     Type
  InterruptHan    2    3[COMMON] PTR FTN()void 
		 -> TMR0_DefaultInterruptHandler(1), 
 Auto vars:     Size  Location     Type
		None
 Return value:  Size  Location     Type
                  1    wreg      void 
 Registers used:
		wreg
 Tracked objects:
		On entry : 
		On exit  : 
		Unchanged: 
 Data sizes:     COMMON   BANK0   BANK1   BANK2   BANK3   BANK4   BANK5   BANK6   BANK7   BANK8   BANK9  BANK10  BANK11  BANK12
      Params:         2       0       0       0       0       0       0       0       0       0       0       0       0       0
      Locals:         0       0       0       0       0       0       0       0       0       0       0       0       0       0
      Temps:          0       0       0       0       0       0       0       0       0       0       0       0       0       0
      Totals:         2       0       0       0       0       0       0       0       0       0       0       0       0       0
Total ram usage:        2 bytes
 Hardware stack levels used:    1
 Hardware stack levels required when called:    4
 This function calls:
		Nothing
 This function is called by:
		_TMR0_Initialize
 This function uses a non-reentrant model


 *************** function _PIN_MANAGER_Initialize *****************
 Defined at:
		line 57 in file "mcc_generated_files/pin_manager.c"
 Parameters:    Size  Location     Type
		None
 Auto vars:     Size  Location     Type
		None
 Return value:  Size  Location     Type
                  1    wreg      void 
 Registers used:
		wreg, status,2
 Tracked objects:
		On entry : 
		On exit  : 
		Unchanged: 
 Data sizes:     COMMON   BANK0   BANK1   BANK2   BANK3   BANK4   BANK5   BANK6   BANK7   BANK8   BANK9  BANK10  BANK11  BANK12
      Params:         0       0       0       0       0       0       0       0       0       0       0       0       0       0
      Locals:         0       0       0       0       0       0       0       0       0       0       0       0       0       0
      Temps:          0       0       0       0       0       0       0       0       0       0       0       0       0       0
      Totals:         0       0       0       0       0       0       0       0       0       0       0       0       0       0
Total ram usage:        0 bytes
 Hardware stack levels used:    1
 Hardware stack levels required when called:    4
 This function calls:
		Nothing
 This function is called by:
		_SYSTEM_Initialize
 This function uses a non-reentrant model


 *************** function _OSCILLATOR_Initialize *****************
 Defined at:
		line 60 in file "mcc_generated_files/mcc.c"
 Parameters:    Size  Location     Type
		None
 Auto vars:     Size  Location     Type
		None
 Return value:  Size  Location     Type
                  1    wreg      void 
 Registers used:
		wreg, status,2
 Tracked objects:
		On entry : 
		On exit  : 
		Unchanged: 
 Data sizes:     COMMON   BANK0   BANK1   BANK2   BANK3   BANK4   BANK5   BANK6   BANK7   BANK8   BANK9  BANK10  BANK11  BANK12
      Params:         0       0       0       0       0       0       0       0       0       0       0       0       0       0
      Locals:         0       0       0       0       0       0       0       0       0       0       0       0       0       0
      Temps:          0       0       0       0       0       0       0       0       0       0       0       0       0       0
      Totals:         0       0       0       0       0       0       0       0       0       0       0       0       0       0
Total ram usage:        0 bytes
 Hardware stack levels used:    1
 Hardware stack levels required when called:    4
 This function calls:
		Nothing
 This function is called by:
		_SYSTEM_Initialize
 This function uses a non-reentrant model


 *************** function _EXT_INT_Initialize *****************
 Defined at:
		line 78 in file "mcc_generated_files/ext_int.c"
 Parameters:    Size  Location     Type
		None
 Auto vars:     Size  Location     Type
		None
 Return value:  Size  Location     Type
                  1    wreg      void 
 Registers used:
		wreg, status,2, status,0, pclath, cstack
 Tracked objects:
		On entry : 
		On exit  : 
		Unchanged: 
 Data sizes:     COMMON   BANK0   BANK1   BANK2   BANK3   BANK4   BANK5   BANK6   BANK7   BANK8   BANK9  BANK10  BANK11  BANK12
      Params:         0       0       0       0       0       0       0       0       0       0       0       0       0       0
      Locals:         0       0       0       0       0       0       0       0       0       0       0       0       0       0
      Temps:          0       0       0       0       0       0       0       0       0       0       0       0       0       0
      Totals:         0       0       0       0       0       0       0       0       0       0       0       0       0       0
Total ram usage:        0 bytes
 Hardware stack levels used:    1
 Hardware stack levels required when called:    5
 This function calls:
		_INT_SetInterruptHandler
 This function is called by:
		_SYSTEM_Initialize
 This function uses a non-reentrant model


 *************** function _INT_SetInterruptHandler *****************
 Defined at:
		line 69 in file "mcc_generated_files/ext_int.c"
 Parameters:    Size  Location     Type
  InterruptHan    2    3[COMMON] PTR FTN()void 
		 -> INT_DefaultInterruptHandler(1), 
 Auto vars:     Size  Location     Type
		None
 Return value:  Size  Location     Type
                  1    wreg      void 
 Registers used:
		wreg
 Tracked objects:
		On entry : 
		On exit  : 
		Unchanged: 
 Data sizes:     COMMON   BANK0   BANK1   BANK2   BANK3   BANK4   BANK5   BANK6   BANK7   BANK8   BANK9  BANK10  BANK11  BANK12
      Params:         2       0       0       0       0       0       0       0       0       0       0       0       0       0
      Locals:         0       0       0       0       0       0       0       0       0       0       0       0       0       0
      Temps:          0       0       0       0       0       0       0       0       0       0       0       0       0       0
      Totals:         2       0       0       0       0       0       0       0       0       0       0       0       0       0
Total ram usage:        2 bytes
 Hardware stack levels used:    1
 Hardware stack levels required when called:    4
 This function calls:
		Nothing
 This function is called by:
		_EXT_INT_Initialize
 This function uses a non-reentrant model


 *************** function _Print *****************
 Defined at:
		line 147 in file "main.c"
 Parameters:    Size  Location     Type
  str             2    2[BANK0 ] PTR unsigned char 
		 -> clearDataOk_2(11), clearDataOk_1(15), clearingData(18), display_data_2(11), 
		 -> display_data_1(16), 
 Auto vars:     Size  Location     Type
		None
 Return value:  Size  Location     Type
                  1    wreg      void 
 Registers used:
		wreg, fsr1l, fsr1h, status,2, status,0, pclath, cstack
 Tracked objects:
		On entry : 
		On exit  : 
		Unchanged: 
 Data sizes:     COMMON   BANK0   BANK1   BANK2   BANK3   BANK4   BANK5   BANK6   BANK7   BANK8   BANK9  BANK10  BANK11  BANK12
      Params:         0       2       0       0       0       0       0       0       0       0       0       0       0       0
[...]
      Temps:          0       0       0       0       0       0       0       0       0       0       0       0       0       0
      Totals:         0       0       0       0       0       0       0       0       0       0       0       0       0       0
Total ram usage:        0 bytes
 Hardware stack levels used:    1
 This function calls:
		Nothing
 This function is called by:
		_TMR3_CallBack
 This function uses a non-reentrant model


 *************** function _TMR3_DefaultInterruptHandler *****************
 Defined at:
		line 186 in file "mcc_generated_files/tmr3.c"
 Parameters:    Size  Location     Type
		None
 Auto vars:     Size  Location     Type
		None
 Return value:  Size  Location     Type
                  1    wreg      void 
 Registers used:
		None
 Tracked objects:
		On entry : 
		On exit  : 
		Unchanged: 
 Data sizes:     COMMON   BANK0   BANK1   BANK2   BANK3   BANK4   BANK5   BANK6   BANK7   BANK8   BANK9  BANK10  BANK11  BANK12
      Params:         0       0       0       0       0       0       0       0       0       0       0       0       0       0
      Locals:         0       0       0       0       0       0       0       0       0       0       0       0       0       0
      Temps:          0       0       0       0       0       0       0       0       0       0       0       0       0       0
      Totals:         0       0       0       0       0       0       0       0       0       0       0       0       0       0
Total ram usage:        0 bytes
 Hardware stack levels used:    1
 This function calls:
		Nothing
 This function is called by:
		_TMR3_Initialize
		_TMR3_CallBack
 This function uses a non-reentrant model


 *************** function _TMR1_ISR *****************
 Defined at:
		line 157 in file "mcc_generated_files/tmr1.c"
 Parameters:    Size  Location     Type
		None
 Auto vars:     Size  Location     Type
		None
 Return value:  Size  Location     Type
                  1    wreg      void 
 Registers used:
		wreg, status,2, status,0, pclath, cstack
 Tracked objects:
		On entry : 
		On exit  : 
		Unchanged: 
 Data sizes:     COMMON   BANK0   BANK1   BANK2   BANK3   BANK4   BANK5   BANK6   BANK7   BANK8   BANK9  BANK10  BANK11  BANK12
      Params:         0       0       0       0       0       0       0       0       0       0       0       0       0       0
      Locals:         0       0       0       0       0       0       0       0       0       0       0       0       0       0
      Temps:          0       0       0       0       0       0       0       0       0       0       0       0       0       0
      Totals:         0       0       0       0       0       0       0       0       0       0       0       0       0       0
Total ram usage:        0 bytes
 Hardware stack levels used:    1
 Hardware stack levels required when called:    2
 This function calls:
		_TMR1_CallBack
		_TMR1_WriteTimer
 This function is called by:
		_INTERRUPT_InterruptManager
 This function uses a non-reentrant model


 *************** function _TMR1_WriteTimer *****************
 Defined at:
		line 120 in file "mcc_generated_files/tmr1.c"
 Parameters:    Size  Location     Type
  timerVal        2    0[COMMON] unsigned int 
 Auto vars:     Size  Location     Type
		None
 Return value:  Size  Location     Type
                  1    wreg      void 
 Registers used:
		wreg, status,2
 Tracked objects:
		On entry : 
		On exit  : 
		Unchanged: 
 Data sizes:     COMMON   BANK0   BANK1   BANK2   BANK3   BANK4   BANK5   BANK6   BANK7   BANK8   BANK9  BANK10  BANK11  BANK12
      Params:         2       0       0       0       0       0       0       0       0       0       0       0       0       0
      Locals:         0       0       0       0       0       0       0       0       0       0       0       0       0       0
      Temps:          0       0       0       0       0       0       0       0       0       0       0       0       0       0
      Totals:         2       0       0       0       0       0       0       0       0       0       0       0       0       0
Total ram usage:        2 bytes
 Hardware stack levels used:    1
 This function calls:
		Nothing
 This function is called by:
		_TMR1_ISR
		_TMR1_Reload
 This function uses a non-reentrant model


 *************** function _TMR1_CallBack *****************
 Defined at:
		line 169 in file "mcc_generated_files/tmr1.c"
 Parameters:    Size  Location     Type
		None
 Auto vars:     Size  Location     Type
		None
 Return value:  Size  Location     Type
                  1    wreg      void 
 Registers used:
		wreg, status,2, status,0, pclath, cstack
 Tracked objects:
		On entry : 
		On exit  : 
		Unchanged: 
 Data sizes:     COMMON   BANK0   BANK1   BANK2   BANK3   BANK4   BANK5   BANK6   BANK7   BANK8   BANK9  BANK10  BANK11  BANK12
      Params:         0       0       0       0       0       0       0       0       0       0       0       0       0       0
      Locals:         0       0       0       0       0       0       0       0       0       0       0       0       0       0
      Temps:          0       0       0       0       0       0       0       0       0       0       0       0       0       0
      Totals:         0       0       0       0       0       0       0       0       0       0       0       0       0       0
Total ram usage:        0 bytes
 Hardware stack levels used:    1
 Hardware stack levels required when called:    1
 This function calls:
		Absolute function
		_TMR1_DefaultInterruptHandler
 This function is called by:
		_TMR1_ISR
 This function uses a non-reentrant model


 *************** function _TMR1_DefaultInterruptHandler *****************
 Defined at:
		line 182 in file "mcc_generated_files/tmr1.c"
 Parameters:    Size  Location     Type
		None
 Auto vars:     Size  Location     Type
		None
 Return value:  Size  Location     Type
                  1    wreg      void 
 Registers used:
		None
 Tracked objects:
		On entry : 
		On exit  : 
		Unchanged: 
 Data sizes:     COMMON   BANK0   BANK1   BANK2   BANK3   BANK4   BANK5   BANK6   BANK7   BANK8   BANK9  BANK10  BANK11  BANK12
      Params:         0       0       0       0       0       0       0       0       0       0       0       0       0       0
      Locals:         0       0       0       0       0       0       0       0       0       0       0       0       0       0
      Temps:          0       0       0       0       0       0       0       0       0       0       0       0       0       0
      Totals:         0       0       0       0       0       0       0       0       0       0       0       0       0       0
Total ram usage:        0 bytes
 Hardware stack levels used:    1
 This function calls:
		Nothing
 This function is called by:
		_TMR1_Initialize
		_TMR1_CallBack
 This function uses a non-reentrant model


 *************** function _TMR0_ISR *****************
 Defined at:
		line 112 in file "mcc_generated_files/tmr0.c"
 Parameters:    Size  Location     Type
		None
 Auto vars:     Size  Location     Type
		None
 Return value:  Size  Location     Type
                  1    wreg      void 
 Registers used:
		wreg, status,2, status,0, pclath, cstack
 Tracked objects:
		On entry : 
		On exit  : 
		Unchanged: 
 Data sizes:     COMMON   BANK0   BANK1   BANK2   BANK3   BANK4   BANK5   BANK6   BANK7   BANK8   BANK9  BANK10  BANK11  BANK12
      Params:         0       0       0       0       0       0       0       0       0       0       0       0       0       0
      Locals:         0       0       0       0       0       0       0       0       0       0       0       0       0       0
      Temps:          0       0       0       0       0       0       0       0       0       0       0       0       0       0
      Totals:         0       0       0       0       0       0       0       0       0       0       0       0       0       0
Total ram usage:        0 bytes
 Hardware stack levels used:    1
 Hardware stack levels required when called:    2
 This function calls:
		_TMR0_CallBack
 This function is called by:
		_INTERRUPT_InterruptManager
 This function uses a non-reentrant model


 *************** function _TMR0_CallBack *****************
 Defined at:
		line 127 in file "mcc_generated_files/tmr0.c"
 Parameters:    Size  Location     Type
		None
 Auto vars:     Size  Location     Type
		None
 Return value:  Size  Location     Type
                  1    wreg      void 
 Registers used:
		wreg, status,2, status,0, pclath, cstack
 Tracked objects:
		On entry : 
		On exit  : 
		Unchanged: 
 Data sizes:     COMMON   BANK0   BANK1   BANK2   BANK3   BANK4   BANK5   BANK6   BANK7   BANK8   BANK9  BANK10  BANK11  BANK12
      Params:         0       0       0       0       0       0       0       0       0       0       0       0       0       0
      Locals:         0       0       0       0       0       0       0       0       0       0       0       0       0       0
      Temps:          1       0       0       0       0       0       0       0       0       0       0       0       0       0
      Totals:         1       0       0       0       0       0       0       0       0       0       0       0       0       0
Total ram usage:        1 bytes
 Hardware stack levels used:    1
 Hardware stack levels required when called:    1
 This function calls:
		Absolute function
		_TMR0_DefaultInterruptHandler
 This function is called by:
		_TMR0_ISR
 This function uses a non-reentrant model


 *************** function _TMR0_DefaultInterruptHandler *****************
 Defined at:
		line 148 in file "mcc_generated_files/tmr0.c"
 Parameters:    Size  Location     Type
		None
 Auto vars:     Size  Location     Type
		None
 Return value:  Size  Location     Type
                  1    wreg      void 
 Registers used:
		None
 Tracked objects:
		On entry : 
		On exit  : 
		Unchanged: 
 Data sizes:     COMMON   BANK0   BANK1   BANK2   BANK3   BANK4   BANK5   BANK6   BANK7   BANK8   BANK9  BANK10  BANK11  BANK12
      Params:         0       0       0       0       0       0       0       0       0       0       0       0       0       0
      Locals:         0       0       0       0       0       0       0       0       0       0       0       0       0       0
      Temps:          0       0       0       0       0       0       0       0       0       0       0       0       0       0
      Totals:         0       0       0       0       0       0       0       0       0       0       0       0       0       0
Total ram usage:        0 bytes
 Hardware stack levels used:    1
 This function calls:
		Nothing
 This function is called by:
		_TMR0_Initialize
		_TMR0_CallBack
 This function uses a non-reentrant model


 *************** function _PIN_MANAGER_IOC *****************
 Defined at:
		line 107 in file "mcc_generated_files/pin_manager.c"
 Parameters:    Size  Location     Type
		None
 Auto vars:     Size  Location     Type
		None
 Return value:  Size  Location     Type
                  1    wreg      void 
 Registers used:
		None
 Tracked objects:
		On entry : 
		On exit  : 
		Unchanged: 
 Data sizes:     COMMON   BANK0   BANK1   BANK2   BANK3   BANK4   BANK5   BANK6   BANK7   BANK8   BANK9  BANK10  BANK11  BANK12
      Params:         0       0       0       0       0       0       0       0       0       0       0       0       0       0
      Locals:         0       0       0       0       0       0       0       0       0       0       0       0       0       0
      Temps:          0       0       0       0       0       0       0       0       0       0       0       0       0       0
      Totals:         0       0       0       0       0       0       0       0       0       0       0       0       0       0
Total ram usage:        0 bytes
 Hardware stack levels used:    1
 This function calls:
		Nothing
 This function is called by:
		_INTERRUPT_InterruptManager
 This function uses a non-reentrant model


 *************** function _INT_ISR *****************
 Defined at:
		line 37 in file "mcc_generated_files/ext_int.c"
 Parameters:    Size  Location     Type
		None
 Auto vars:     Size  Location     Type
		None
 Return value:  Size  Location     Type
                  1    wreg      void 
 Registers used:
		wreg, status,2, status,0, pclath, cstack
 Tracked objects:
		On entry : 
		On exit  : 
		Unchanged: 
 Data sizes:     COMMON   BANK0   BANK1   BANK2   BANK3   BANK4   BANK5   BANK6   BANK7   BANK8   BANK9  BANK10  BANK11  BANK12
      Params:         0       0       0       0       0       0       0       0       0       0       0       0       0       0
      Locals:         0       0       0       0       0       0       0       0       0       0       0       0       0       0
      Temps:          0       0       0       0       0       0       0       0       0       0       0       0       0       0
      Totals:         0       0       0       0       0       0       0       0       0       0       0       0       0       0
Total ram usage:        0 bytes
 Hardware stack levels used:    1
 Hardware stack levels required when called:    2
 This function calls:
		_INT_CallBack
 This function is called by:
		_INTERRUPT_InterruptManager
 This function uses a non-reentrant model


 *************** function _INT_CallBack *****************
 Defined at:
		line 46 in file "mcc_generated_files/ext_int.c"
 Parameters:    Size  Location     Type
		None
 Auto vars:     Size  Location     Type
		None
 Return value:  Size  Location     Type
                  1    wreg      void 
 Registers used:
		wreg, status,2, status,0, pclath, cstack
 Tracked objects:
		On entry : 
		On exit  : 
		Unchanged: 
 Data sizes:     COMMON   BANK0   BANK1   BANK2   BANK3   BANK4   BANK5   BANK6   BANK7   BANK8   BANK9  BANK10  BANK11  BANK12
      Params:         0       0       0       0       0       0       0       0       0       0       0       0       0       0
      Locals:         0       0       0       0       0       0       0       0       0       0       0       0       0       0
      Temps:          1       0       0       0       0       0       0       0       0       0       0       0       0       0
      Totals:         1       0       0       0       0       0       0       0       0       0       0       0       0       0
Total ram usage:        1 bytes
 Hardware stack levels used:    1
 Hardware stack levels required when called:    1
 This function calls:
		Absolute function
		_INT_DefaultInterruptHandler
 This function is called by:
		_INT_ISR
 This function uses a non-reentrant model


 *************** function _INT_DefaultInterruptHandler *****************
 Defined at:
		line 73 in file "mcc_generated_files/ext_int.c"
 Parameters:    Size  Location     Type
		None
 Auto vars:     Size  Location     Type
		None
 Return value:  Size  Location     Type
                  1    wreg      void 
 Registers used:
		None
 Tracked objects:
		On entry : 
		On exit  : 
		Unchanged: 
 Data sizes:     COMMON   BANK0   BANK1   BANK2   BANK3   BANK4   BANK5   BANK6   BANK7   BANK8   BANK9  BANK10  BANK11  BANK12
      Params:         0       0       0       0       0       0       0       0       0       0       0       0       0       0
      Locals:         0       0       0       0       0       0       0       0       0       0       0       0       0       0
      Temps:          0       0       0       0       0       0       0       0       0       0       0       0       0       0
      Totals:         0       0       0       0       0       0       0       0       0       0       0       0       0       0
Total ram usage:        0 bytes
 Hardware stack levels used:    1
 This function calls:
		Nothing
 This function is called by:
		_EXT_INT_Initialize
		_INT_CallBack
 This function uses a non-reentrant model



MODULE INFORMATION

Module		Function		Class		Link	Load	Size
mcc_generated_files/interrupt_manager.c
		_INTERRUPT_InterruptManager		CODE           	0004	0000	52

mcc_generated_files/interrupt_manager.c estimated size: 52

mcc_generated_files/tmr0.c
		_TMR0_SetInterruptHandler		CODE           	0BBB	0000	7
		_TMR0_DefaultInterruptHandler		CODE           	0BB3	0000	2
		_TMR0_CallBack 		CODE           	0CCF	0000	29
		_TMR0_ISR      		CODE           	0BD9	0000	8
		_TMR0_Initialize		CODE           	0C72	0000	22

mcc_generated_files/tmr0.c estimated size: 68

mcc_generated_files/pin_manager.c
		_PIN_MANAGER_Initialize		CODE           	0D67	0000	37
		_PIN_MANAGER_IOC		CODE           	0BB2	0000	2

mcc_generated_files/pin_manager.c estimated size: 39

C:\Program Files (x86)\Microchip\xc8\v1.45\sources\common\lwmod.c
		___lwmod       		CODE           	0DFF	0000	46

C:\Program Files (x86)\Microchip\xc8\v1.45\sources\common\lwmod.c estimated size: 46

C:\Program Files (x86)\Microchip\xc8\v1.45\sources\common\llmod.c
		___llmod       		CODE           	0E99	0000	68

C:\Program Files (x86)\Microchip\xc8\v1.45\sources\common\llmod.c estimated size: 68

Flash.c
		_FLASH_write   		CODE           	0DD8	0000	40
		__unlock       		CODE           	0BEE	0000	10
		_FLASH_read    		CODE           	0C51	0000	16
		_FLASH_erase   		CODE           	0C87	0000	24

Flash.c estimated size: 90

HEFlash.c
		_HEFLASH_readBlock		CODE           	0E61	0000	57
		_HEFLASH_writeBlock		CODE           	0F2F	0000	89

HEFlash.c estimated size: 146

mcc_generated_files/ext_int.c
		_INT_DefaultInterruptHandler		CODE           	0BB1	0000	2
		_EXT_INT_Initialize		CODE           	0C02	0000	12
		_INT_SetInterruptHandler		CODE           	0BB5	0000	7
		_INT_CallBack  		CODE           	0DB1	0000	40
		_INT_ISR       		CODE           	07FC	0000	5

mcc_generated_files/ext_int.c estimated size: 66

shared
		__initialization		CODE           	0039	0000	45

shared estimated size: 45

mcc_generated_files/mcc.c
		_OSCILLATOR_Initialize		CODE           	0BE7	0000	8
		_SYSTEM_Initialize		CODE           	0C60	0000	19

mcc_generated_files/mcc.c estimated size: 27

mcc_generated_files/tmr3.c
		_TMR3_ISR      		CODE           	0C19	0000	13
		_TMR3_Initialize		CODE           	0CB5	0000	27
		_TMR3_SetInterruptHandler		CODE           	0BC7	0000	7
		_TMR3_DefaultInterruptHandler		CODE           	0003	0000	2
		_TMR3_CallBack 		CODE           	0C25	0000	15
		_TMR3_WriteTimer		CODE           	0C42	0000	16

mcc_generated_files/tmr3.c estimated size: 80

mcc_generated_files/tmr1.c
		_TMR1_Initialize		CODE           	0C9E	0000	24
		_TMR1_SetInterruptHandler		CODE           	0BC1	0000	7
		_TMR1_DefaultInterruptHandler		CODE           	0BB4	0000	2
		_TMR1_CallBack 		CODE           	0BF7	0000	12
		_TMR1_WriteTimer		CODE           	0C33	0000	16
		_TMR1_ISR      		CODE           	0C0D	0000	13

mcc_generated_files/tmr1.c estimated size: 74

C:\Program Files (x86)\Microchip\xc8\v1.45\sources\common\lwdiv.c
		___lwdiv       		CODE           	0E2C	0000	54

C:\Program Files (x86)\Microchip\xc8\v1.45\sources\common\lwdiv.c estimated size: 54

C:\Program Files (x86)\Microchip\xc8\v1.45\sources\common\lldiv.c
		___lldiv       		CODE           	0EDC	0000	84

C:\Program Files (x86)\Microchip\xc8\v1.45\sources\common\lldiv.c estimated size: 84

main.c
		_HEFLASH_checkData		CODE           	0069	0000	670
		__fassert      		CODE           	0BE0	0000	8
		_main          		CODE           	0529	0000	339
		_Print         		CODE           	0D45	0000	35
		_LCDInit       		CODE           	0F87	0000	122
		_LCDSendData   		CODE           	0747	0000	182
		_Data_Toseg    		CODE           	0306	0000	548

main.c estimated size: 1904

bsp_counter.c
		_bsp_TimerInterruptISRCallback		CODE           	067B	0000	205
		_bsp_CounterInit		CODE           	0D07	0000	30

bsp_counter.c estimated size: 235

C:\Program Files (x86)\Microchip\xc8\v1.45\sources\common\memset.c
		_memset        		CODE           	0CEB	0000	29

C:\Program Files (x86)\Microchip\xc8\v1.45\sources\common\memset.c estimated size: 29

